Device: mps
[teacher] Epoch   1 | val_loss=0.9580 | val_acc=0.5641
[teacher] Epoch   2 | val_loss=0.9303 | val_acc=0.5556
[teacher] Epoch   3 | val_loss=0.9094 | val_acc=0.5556
[teacher] Epoch   4 | val_loss=0.8922 | val_acc=0.5470
[teacher] Epoch   5 | val_loss=0.8824 | val_acc=0.5556
[teacher] Epoch   6 | val_loss=0.8763 | val_acc=0.5641
[teacher] Epoch   7 | val_loss=0.8468 | val_acc=0.5726
[teacher] Epoch   8 | val_loss=0.8376 | val_acc=0.5726
[teacher] Epoch   9 | val_loss=0.8212 | val_acc=0.6410
[teacher] Epoch  10 | val_loss=0.5204 | val_acc=0.7692
[teacher] Epoch  11 | val_loss=0.4249 | val_acc=0.8376
[teacher] Epoch  12 | val_loss=0.2775 | val_acc=0.8803
[teacher] Epoch  13 | val_loss=0.2512 | val_acc=0.9145
[teacher] Epoch  14 | val_loss=0.3296 | val_acc=0.8974
[teacher] Epoch  15 | val_loss=0.3523 | val_acc=0.8974
[teacher] Epoch  16 | val_loss=0.3195 | val_acc=0.9145
[teacher] Epoch  17 | val_loss=0.4217 | val_acc=0.8718
[teacher] Epoch  18 | val_loss=0.3503 | val_acc=0.9060
[teacher] Epoch  19 | val_loss=0.3308 | val_acc=0.9060
[teacher] Epoch  20 | val_loss=0.2954 | val_acc=0.8974
[teacher] Epoch  21 | val_loss=0.2835 | val_acc=0.9060
[teacher] Epoch  22 | val_loss=0.3082 | val_acc=0.8889
[teacher] Epoch  23 | val_loss=0.3454 | val_acc=0.9145
[teacher] Epoch  24 | val_loss=0.3216 | val_acc=0.9060
[teacher] Epoch  25 | val_loss=0.3638 | val_acc=0.8974
[teacher] Epoch  26 | val_loss=0.3217 | val_acc=0.9060
[teacher] Epoch  27 | val_loss=0.2916 | val_acc=0.9316
[teacher] Epoch  28 | val_loss=0.2734 | val_acc=0.9316
[teacher] Early stopping at epoch 28
[teacher] Epoch   1 | val_loss=0.9689 | val_acc=0.5556
[teacher] Epoch   2 | val_loss=0.9526 | val_acc=0.5556
[teacher] Epoch   3 | val_loss=0.9326 | val_acc=0.5556
[teacher] Epoch   4 | val_loss=0.9192 | val_acc=0.5556
[teacher] Epoch   5 | val_loss=0.8922 | val_acc=0.5556
[teacher] Epoch   6 | val_loss=0.8886 | val_acc=0.6325
[teacher] Epoch   7 | val_loss=0.8705 | val_acc=0.5556
[teacher] Epoch   8 | val_loss=0.8482 | val_acc=0.5812
[teacher] Epoch   9 | val_loss=0.8332 | val_acc=0.6154
[teacher] Epoch  10 | val_loss=0.4527 | val_acc=0.8291
[teacher] Epoch  11 | val_loss=0.4880 | val_acc=0.8376
[teacher] Epoch  12 | val_loss=0.3532 | val_acc=0.8376
[teacher] Epoch  13 | val_loss=0.3364 | val_acc=0.8803
[teacher] Epoch  14 | val_loss=0.2342 | val_acc=0.8974
[teacher] Epoch  15 | val_loss=0.3791 | val_acc=0.9060
[teacher] Epoch  16 | val_loss=0.2644 | val_acc=0.9145
[teacher] Epoch  17 | val_loss=0.5616 | val_acc=0.8632
[teacher] Epoch  18 | val_loss=0.3830 | val_acc=0.8974
[teacher] Epoch  19 | val_loss=0.3888 | val_acc=0.8889
[teacher] Epoch  20 | val_loss=0.3235 | val_acc=0.9145
[teacher] Epoch  21 | val_loss=0.3001 | val_acc=0.9316
[teacher] Epoch  22 | val_loss=0.2566 | val_acc=0.9231
[teacher] Epoch  23 | val_loss=0.3167 | val_acc=0.9145
[teacher] Epoch  24 | val_loss=0.2891 | val_acc=0.9316
[teacher] Epoch  25 | val_loss=0.3846 | val_acc=0.9316
[teacher] Epoch  26 | val_loss=0.3865 | val_acc=0.9060
[teacher] Epoch  27 | val_loss=0.3792 | val_acc=0.9231
[teacher] Epoch  28 | val_loss=0.3814 | val_acc=0.9145
[teacher] Epoch  29 | val_loss=0.4071 | val_acc=0.9231
[teacher] Early stopping at epoch 29
[teacher] Epoch   1 | val_loss=0.9909 | val_acc=0.5556
[teacher] Epoch   2 | val_loss=0.9598 | val_acc=0.5556
[teacher] Epoch   3 | val_loss=0.9523 | val_acc=0.5556
[teacher] Epoch   4 | val_loss=0.9318 | val_acc=0.5556
[teacher] Epoch   5 | val_loss=0.9129 | val_acc=0.5556
[teacher] Epoch   6 | val_loss=0.8975 | val_acc=0.5641
[teacher] Epoch   7 | val_loss=0.8820 | val_acc=0.5641
[teacher] Epoch   8 | val_loss=0.8657 | val_acc=0.5641
[teacher] Epoch   9 | val_loss=0.8533 | val_acc=0.5556
[teacher] Epoch  10 | val_loss=0.4571 | val_acc=0.8205
[teacher] Epoch  11 | val_loss=0.3335 | val_acc=0.8462
[teacher] Epoch  12 | val_loss=0.3264 | val_acc=0.8974
[teacher] Epoch  13 | val_loss=0.2283 | val_acc=0.9145
[teacher] Epoch  14 | val_loss=0.2826 | val_acc=0.9231
[teacher] Epoch  15 | val_loss=0.3316 | val_acc=0.8718
[teacher] Epoch  16 | val_loss=0.3549 | val_acc=0.9145
[teacher] Epoch  17 | val_loss=0.4684 | val_acc=0.8376
[teacher] Epoch  18 | val_loss=0.2457 | val_acc=0.9231
[teacher] Epoch  19 | val_loss=0.3917 | val_acc=0.8803
[teacher] Epoch  20 | val_loss=0.4106 | val_acc=0.8889
[teacher] Epoch  21 | val_loss=0.4477 | val_acc=0.8803
[teacher] Epoch  22 | val_loss=0.4590 | val_acc=0.8803
[teacher] Epoch  23 | val_loss=0.3309 | val_acc=0.8974
[teacher] Epoch  24 | val_loss=0.3348 | val_acc=0.8718
[teacher] Epoch  25 | val_loss=0.2633 | val_acc=0.9145
[teacher] Epoch  26 | val_loss=0.3018 | val_acc=0.8889
[teacher] Epoch  27 | val_loss=0.2982 | val_acc=0.8803
[teacher] Epoch  28 | val_loss=0.3296 | val_acc=0.8718
[teacher] Early stopping at epoch 28
[teacher] Epoch   1 | val_loss=1.0062 | val_acc=0.5556
[teacher] Epoch   2 | val_loss=0.9473 | val_acc=0.5556
[teacher] Epoch   3 | val_loss=0.9253 | val_acc=0.5983
[teacher] Epoch   4 | val_loss=0.8996 | val_acc=0.5812
[teacher] Epoch   5 | val_loss=0.8976 | val_acc=0.5556
[teacher] Epoch   6 | val_loss=0.8665 | val_acc=0.5556
[teacher] Epoch   7 | val_loss=0.8602 | val_acc=0.5556
[teacher] Epoch   8 | val_loss=0.8529 | val_acc=0.5556
[teacher] Epoch   9 | val_loss=0.8391 | val_acc=0.5726
[teacher] Epoch  10 | val_loss=0.5156 | val_acc=0.8034
[teacher] Epoch  11 | val_loss=0.3490 | val_acc=0.8718
[teacher] Epoch  12 | val_loss=0.4303 | val_acc=0.8547
[teacher] Epoch  13 | val_loss=0.4298 | val_acc=0.8376
[teacher] Epoch  14 | val_loss=0.3682 | val_acc=0.8974
[teacher] Epoch  15 | val_loss=0.4078 | val_acc=0.8803
[teacher] Epoch  16 | val_loss=0.3697 | val_acc=0.8632
[teacher] Epoch  17 | val_loss=0.4529 | val_acc=0.8803
[teacher] Epoch  18 | val_loss=0.2796 | val_acc=0.9316
[teacher] Epoch  19 | val_loss=0.2747 | val_acc=0.9145
[teacher] Epoch  20 | val_loss=0.2882 | val_acc=0.9231
[teacher] Epoch  21 | val_loss=0.3008 | val_acc=0.9145
[teacher] Epoch  22 | val_loss=0.2711 | val_acc=0.9402
[teacher] Epoch  23 | val_loss=0.2671 | val_acc=0.9316
[teacher] Epoch  24 | val_loss=0.2589 | val_acc=0.9316
[teacher] Epoch  25 | val_loss=0.3961 | val_acc=0.9145
[teacher] Epoch  26 | val_loss=0.2388 | val_acc=0.9316
[teacher] Epoch  27 | val_loss=0.2778 | val_acc=0.9145
[teacher] Epoch  28 | val_loss=0.3060 | val_acc=0.9316
[teacher] Epoch  29 | val_loss=0.3337 | val_acc=0.9231
[teacher] Epoch  30 | val_loss=0.3340 | val_acc=0.9316
[teacher] Epoch  31 | val_loss=0.3040 | val_acc=0.9316
[teacher] Epoch  32 | val_loss=0.3364 | val_acc=0.9145
[teacher] Epoch  33 | val_loss=0.3431 | val_acc=0.9145
[teacher] Epoch  34 | val_loss=0.2770 | val_acc=0.9402
[teacher] Epoch  35 | val_loss=0.3437 | val_acc=0.9231
[teacher] Epoch  36 | val_loss=0.3319 | val_acc=0.9145
[teacher] Epoch  37 | val_loss=0.3203 | val_acc=0.9231
[teacher] Epoch  38 | val_loss=0.3470 | val_acc=0.9145
[teacher] Epoch  39 | val_loss=0.3419 | val_acc=0.9231
[teacher] Epoch  40 | val_loss=0.3522 | val_acc=0.9231
[teacher] Epoch  41 | val_loss=0.3426 | val_acc=0.9231
[teacher] Early stopping at epoch 41
[teacher] Epoch   1 | val_loss=0.9914 | val_acc=0.5556
[teacher] Epoch   2 | val_loss=0.9638 | val_acc=0.5556
[teacher] Epoch   3 | val_loss=0.9392 | val_acc=0.5556
[teacher] Epoch   4 | val_loss=0.9150 | val_acc=0.5726
[teacher] Epoch   5 | val_loss=0.8986 | val_acc=0.5726
[teacher] Epoch   6 | val_loss=0.8945 | val_acc=0.5726
[teacher] Epoch   7 | val_loss=0.8813 | val_acc=0.5641
[teacher] Epoch   8 | val_loss=0.8487 | val_acc=0.5812
[teacher] Epoch   9 | val_loss=0.8486 | val_acc=0.5726
[teacher] Epoch  10 | val_loss=0.5235 | val_acc=0.7949
[teacher] Epoch  11 | val_loss=0.3441 | val_acc=0.8718
[teacher] Epoch  12 | val_loss=0.3859 | val_acc=0.8462
[teacher] Epoch  13 | val_loss=0.5565 | val_acc=0.8120
[teacher] Epoch  14 | val_loss=0.3497 | val_acc=0.8803
[teacher] Epoch  15 | val_loss=0.4493 | val_acc=0.8632
[teacher] Epoch  16 | val_loss=0.4676 | val_acc=0.8120
[teacher] Epoch  17 | val_loss=0.2590 | val_acc=0.9316
[teacher] Epoch  18 | val_loss=0.3680 | val_acc=0.8889
[teacher] Epoch  19 | val_loss=0.4186 | val_acc=0.8974
[teacher] Epoch  20 | val_loss=0.5308 | val_acc=0.8632
[teacher] Epoch  21 | val_loss=0.4642 | val_acc=0.8974
[teacher] Epoch  22 | val_loss=0.3892 | val_acc=0.9145
[teacher] Epoch  23 | val_loss=0.4875 | val_acc=0.8974
[teacher] Epoch  24 | val_loss=0.4161 | val_acc=0.9060
[teacher] Epoch  25 | val_loss=0.4963 | val_acc=0.8803
[teacher] Epoch  26 | val_loss=0.4152 | val_acc=0.9060
[teacher] Epoch  27 | val_loss=0.4067 | val_acc=0.8889
[teacher] Epoch  28 | val_loss=0.4101 | val_acc=0.8803
[teacher] Epoch  29 | val_loss=0.3885 | val_acc=0.8889
[teacher] Epoch  30 | val_loss=0.3809 | val_acc=0.8889
[teacher] Epoch  31 | val_loss=0.3765 | val_acc=0.9316
[teacher] Epoch  32 | val_loss=0.2986 | val_acc=0.9316
[teacher] Early stopping at epoch 32
T=2 alpha=0.3 val_acc=0.8632
T=2 alpha=0.5 val_acc=0.8889
T=2 alpha=0.7 val_acc=0.8462
T=4 alpha=0.3 val_acc=0.8632
T=4 alpha=0.5 val_acc=0.8376
T=4 alpha=0.7 val_acc=0.8889
T=6 alpha=0.3 val_acc=0.8547
T=6 alpha=0.5 val_acc=0.8547
T=6 alpha=0.7 val_acc=0.8462
T=8 alpha=0.3 val_acc=0.8547
T=8 alpha=0.5 val_acc=0.8803
T=8 alpha=0.7 val_acc=0.8718

Best: T=2, alpha=0.5, val_acc=0.8889
[student-baseline] Epoch   1 | val_loss=0.8770 | val_acc=0.6667
[student-baseline] Epoch   2 | val_loss=0.7565 | val_acc=0.7436
[student-baseline] Epoch   3 | val_loss=0.6599 | val_acc=0.7692
[student-baseline] Epoch   4 | val_loss=0.5764 | val_acc=0.7863
[student-baseline] Epoch   5 | val_loss=0.5217 | val_acc=0.7949
[student-baseline] Epoch   6 | val_loss=0.5092 | val_acc=0.7778
[student-baseline] Epoch   7 | val_loss=0.5015 | val_acc=0.7863
[student-baseline] Epoch   8 | val_loss=0.4590 | val_acc=0.7778
[student-baseline] Epoch   9 | val_loss=0.4354 | val_acc=0.7949
[student-baseline] Epoch  10 | val_loss=0.4548 | val_acc=0.8034
[student-baseline] Epoch  11 | val_loss=0.4115 | val_acc=0.8291
[student-baseline] Epoch  12 | val_loss=0.3755 | val_acc=0.8376
[student-baseline] Epoch  13 | val_loss=0.3502 | val_acc=0.8205
[student-baseline] Epoch  14 | val_loss=0.3057 | val_acc=0.8974
[student-baseline] Epoch  15 | val_loss=0.3762 | val_acc=0.8718
[student-baseline] Epoch  16 | val_loss=0.3817 | val_acc=0.8462
[student-baseline] Epoch  17 | val_loss=0.4259 | val_acc=0.8291
[student-baseline] Epoch  18 | val_loss=0.4275 | val_acc=0.8632
[student-baseline] Epoch  19 | val_loss=0.3931 | val_acc=0.8547
[student-baseline] Epoch  20 | val_loss=0.3554 | val_acc=0.8547
[student-baseline] Epoch  21 | val_loss=0.3597 | val_acc=0.8462
[student-baseline] Epoch  22 | val_loss=0.3345 | val_acc=0.8803
[student-baseline] Epoch  23 | val_loss=0.2937 | val_acc=0.8974
[student-baseline] Epoch  24 | val_loss=0.3494 | val_acc=0.8632
[student-baseline] Epoch  25 | val_loss=0.3534 | val_acc=0.8803
[student-baseline] Epoch  26 | val_loss=0.3317 | val_acc=0.8803
[student-baseline] Epoch  27 | val_loss=0.3683 | val_acc=0.8803
[student-baseline] Epoch  28 | val_loss=0.3394 | val_acc=0.8974
[student-baseline] Epoch  29 | val_loss=0.3504 | val_acc=0.8803
[student-baseline] Epoch  30 | val_loss=0.3340 | val_acc=0.8803
[student-baseline] Epoch  31 | val_loss=0.3370 | val_acc=0.8718
[student-baseline] Epoch  32 | val_loss=0.3378 | val_acc=0.8718
[student-baseline] Epoch  33 | val_loss=0.3453 | val_acc=0.8803
[student-baseline] Epoch  34 | val_loss=0.3415 | val_acc=0.8718
[student-baseline] Epoch  35 | val_loss=0.3437 | val_acc=0.8803
[student-baseline] Epoch  36 | val_loss=0.3531 | val_acc=0.8889
[student-baseline] Epoch  37 | val_loss=0.3679 | val_acc=0.8803
[student-baseline] Epoch  38 | val_loss=0.3634 | val_acc=0.8803
[student-baseline] Early stopping at epoch 38
[student-baseline] Epoch   1 | val_loss=0.9208 | val_acc=0.6581
[student-baseline] Epoch   2 | val_loss=0.7670 | val_acc=0.7607
[student-baseline] Epoch   3 | val_loss=0.6665 | val_acc=0.7521
[student-baseline] Epoch   4 | val_loss=0.6348 | val_acc=0.7179
[student-baseline] Epoch   5 | val_loss=0.5712 | val_acc=0.7607
[student-baseline] Epoch   6 | val_loss=0.5640 | val_acc=0.7436
[student-baseline] Epoch   7 | val_loss=0.5936 | val_acc=0.7607
[student-baseline] Epoch   8 | val_loss=0.5548 | val_acc=0.7350
[student-baseline] Epoch   9 | val_loss=0.5092 | val_acc=0.7607
[student-baseline] Epoch  10 | val_loss=0.5370 | val_acc=0.7607
[student-baseline] Epoch  11 | val_loss=0.4886 | val_acc=0.7778
[student-baseline] Epoch  12 | val_loss=0.4600 | val_acc=0.8034
[student-baseline] Epoch  13 | val_loss=0.4831 | val_acc=0.7863
[student-baseline] Epoch  14 | val_loss=0.4455 | val_acc=0.8034
[student-baseline] Epoch  15 | val_loss=0.3693 | val_acc=0.8547
[student-baseline] Epoch  16 | val_loss=0.3790 | val_acc=0.8462
[student-baseline] Epoch  17 | val_loss=0.3508 | val_acc=0.8462
[student-baseline] Epoch  18 | val_loss=0.3115 | val_acc=0.8718
[student-baseline] Epoch  19 | val_loss=0.2642 | val_acc=0.8889
[student-baseline] Epoch  20 | val_loss=0.2808 | val_acc=0.8803
[student-baseline] Epoch  21 | val_loss=0.2778 | val_acc=0.8889
[student-baseline] Epoch  22 | val_loss=0.2616 | val_acc=0.8889
[student-baseline] Epoch  23 | val_loss=0.2704 | val_acc=0.9060
[student-baseline] Epoch  24 | val_loss=0.2457 | val_acc=0.9231
[student-baseline] Epoch  25 | val_loss=0.2290 | val_acc=0.9231
[student-baseline] Epoch  26 | val_loss=0.2474 | val_acc=0.9231
[student-baseline] Epoch  27 | val_loss=0.3001 | val_acc=0.9573
[student-baseline] Epoch  28 | val_loss=0.2509 | val_acc=0.9316
[student-baseline] Epoch  29 | val_loss=0.2808 | val_acc=0.9145
[student-baseline] Epoch  30 | val_loss=0.2986 | val_acc=0.9145
[student-baseline] Epoch  31 | val_loss=0.2462 | val_acc=0.9402
[student-baseline] Epoch  32 | val_loss=0.2559 | val_acc=0.9487
[student-baseline] Epoch  33 | val_loss=0.2559 | val_acc=0.9402
[student-baseline] Epoch  34 | val_loss=0.2288 | val_acc=0.9402
[student-baseline] Epoch  35 | val_loss=0.2498 | val_acc=0.9231
[student-baseline] Epoch  36 | val_loss=0.2631 | val_acc=0.9231
[student-baseline] Epoch  37 | val_loss=0.2583 | val_acc=0.9316
[student-baseline] Epoch  38 | val_loss=0.2790 | val_acc=0.9316
[student-baseline] Epoch  39 | val_loss=0.2763 | val_acc=0.9316
[student-baseline] Epoch  40 | val_loss=0.3167 | val_acc=0.9145
[student-baseline] Epoch  41 | val_loss=0.3036 | val_acc=0.9402
[student-baseline] Epoch  42 | val_loss=0.2787 | val_acc=0.9231
[student-baseline] Epoch  43 | val_loss=0.2854 | val_acc=0.9316
[student-baseline] Epoch  44 | val_loss=0.2923 | val_acc=0.9316
[student-baseline] Epoch  45 | val_loss=0.2908 | val_acc=0.9316
[student-baseline] Epoch  46 | val_loss=0.3075 | val_acc=0.9402
[student-baseline] Epoch  47 | val_loss=0.3101 | val_acc=0.9402
[student-baseline] Epoch  48 | val_loss=0.3110 | val_acc=0.9316
[student-baseline] Epoch  49 | val_loss=0.2964 | val_acc=0.9316
[student-baseline] Early stopping at epoch 49
[student-baseline] Epoch   1 | val_loss=0.8923 | val_acc=0.5641
[student-baseline] Epoch   2 | val_loss=0.7808 | val_acc=0.6410
[student-baseline] Epoch   3 | val_loss=0.7557 | val_acc=0.5983
[student-baseline] Epoch   4 | val_loss=0.7153 | val_acc=0.6154
[student-baseline] Epoch   5 | val_loss=0.5827 | val_acc=0.7607
[student-baseline] Epoch   6 | val_loss=0.5988 | val_acc=0.7265
[student-baseline] Epoch   7 | val_loss=0.5391 | val_acc=0.7607
[student-baseline] Epoch   8 | val_loss=0.5839 | val_acc=0.7521
[student-baseline] Epoch   9 | val_loss=0.6102 | val_acc=0.7436
[student-baseline] Epoch  10 | val_loss=0.5354 | val_acc=0.7778
[student-baseline] Epoch  11 | val_loss=0.5190 | val_acc=0.7949
[student-baseline] Epoch  12 | val_loss=0.5634 | val_acc=0.7521
[student-baseline] Epoch  13 | val_loss=0.5220 | val_acc=0.8034
[student-baseline] Epoch  14 | val_loss=0.4347 | val_acc=0.8205
[student-baseline] Epoch  15 | val_loss=0.3588 | val_acc=0.8974
[student-baseline] Epoch  16 | val_loss=0.3608 | val_acc=0.8803
[student-baseline] Epoch  17 | val_loss=0.3796 | val_acc=0.8547
[student-baseline] Epoch  18 | val_loss=0.3212 | val_acc=0.8718
[student-baseline] Epoch  19 | val_loss=0.3171 | val_acc=0.8889
[student-baseline] Epoch  20 | val_loss=0.3628 | val_acc=0.8889
[student-baseline] Epoch  21 | val_loss=0.3194 | val_acc=0.8889
[student-baseline] Epoch  22 | val_loss=0.3588 | val_acc=0.8547
[student-baseline] Epoch  23 | val_loss=0.3344 | val_acc=0.8889
[student-baseline] Epoch  24 | val_loss=0.3556 | val_acc=0.8718
[student-baseline] Epoch  25 | val_loss=0.3793 | val_acc=0.8632
[student-baseline] Epoch  26 | val_loss=0.3742 | val_acc=0.8718
[student-baseline] Epoch  27 | val_loss=0.3743 | val_acc=0.8718
[student-baseline] Epoch  28 | val_loss=0.3578 | val_acc=0.8803
[student-baseline] Epoch  29 | val_loss=0.3569 | val_acc=0.8718
[student-baseline] Epoch  30 | val_loss=0.3694 | val_acc=0.8718
[student-baseline] Epoch  31 | val_loss=0.3957 | val_acc=0.8803
[student-baseline] Epoch  32 | val_loss=0.3859 | val_acc=0.8803
[student-baseline] Epoch  33 | val_loss=0.3820 | val_acc=0.8803
[student-baseline] Epoch  34 | val_loss=0.3818 | val_acc=0.8803
[student-baseline] Early stopping at epoch 34
[student-baseline] Epoch   1 | val_loss=0.8732 | val_acc=0.6325
[student-baseline] Epoch   2 | val_loss=0.7806 | val_acc=0.6923
[student-baseline] Epoch   3 | val_loss=0.6091 | val_acc=0.7436
[student-baseline] Epoch   4 | val_loss=0.5770 | val_acc=0.7521
[student-baseline] Epoch   5 | val_loss=0.5672 | val_acc=0.7521
[student-baseline] Epoch   6 | val_loss=0.5711 | val_acc=0.7521
[student-baseline] Epoch   7 | val_loss=0.5939 | val_acc=0.7436
[student-baseline] Epoch   8 | val_loss=0.5111 | val_acc=0.7863
[student-baseline] Epoch   9 | val_loss=0.5108 | val_acc=0.7863
[student-baseline] Epoch  10 | val_loss=0.4405 | val_acc=0.8205
[student-baseline] Epoch  11 | val_loss=0.3724 | val_acc=0.8376
[student-baseline] Epoch  12 | val_loss=0.4123 | val_acc=0.8034
[student-baseline] Epoch  13 | val_loss=0.3503 | val_acc=0.8974
[student-baseline] Epoch  14 | val_loss=0.3062 | val_acc=0.9145
[student-baseline] Epoch  15 | val_loss=0.2881 | val_acc=0.8974
[student-baseline] Epoch  16 | val_loss=0.3566 | val_acc=0.8803
[student-baseline] Epoch  17 | val_loss=0.2827 | val_acc=0.8974
[student-baseline] Epoch  18 | val_loss=0.3134 | val_acc=0.8889
[student-baseline] Epoch  19 | val_loss=0.3708 | val_acc=0.8974
[student-baseline] Epoch  20 | val_loss=0.2422 | val_acc=0.9145
[student-baseline] Epoch  21 | val_loss=0.2552 | val_acc=0.9145
[student-baseline] Epoch  22 | val_loss=0.2265 | val_acc=0.9145
[student-baseline] Epoch  23 | val_loss=0.2402 | val_acc=0.9231
[student-baseline] Epoch  24 | val_loss=0.2657 | val_acc=0.8889
[student-baseline] Epoch  25 | val_loss=0.2533 | val_acc=0.9060
[student-baseline] Epoch  26 | val_loss=0.2503 | val_acc=0.9231
[student-baseline] Epoch  27 | val_loss=0.3053 | val_acc=0.8889
[student-baseline] Epoch  28 | val_loss=0.2791 | val_acc=0.8974
[student-baseline] Epoch  29 | val_loss=0.2728 | val_acc=0.9231
[student-baseline] Epoch  30 | val_loss=0.2949 | val_acc=0.8889
[student-baseline] Epoch  31 | val_loss=0.2864 | val_acc=0.9145
[student-baseline] Epoch  32 | val_loss=0.2855 | val_acc=0.9231
[student-baseline] Epoch  33 | val_loss=0.2953 | val_acc=0.9231
[student-baseline] Epoch  34 | val_loss=0.2802 | val_acc=0.8974
[student-baseline] Epoch  35 | val_loss=0.2796 | val_acc=0.8974
[student-baseline] Epoch  36 | val_loss=0.2890 | val_acc=0.8974
[student-baseline] Epoch  37 | val_loss=0.2879 | val_acc=0.8974
[student-baseline] Early stopping at epoch 37
[student-baseline] Epoch   1 | val_loss=0.9004 | val_acc=0.6581
[student-baseline] Epoch   2 | val_loss=0.7782 | val_acc=0.7265
[student-baseline] Epoch   3 | val_loss=0.6699 | val_acc=0.7521
[student-baseline] Epoch   4 | val_loss=0.6111 | val_acc=0.7350
[student-baseline] Epoch   5 | val_loss=0.5305 | val_acc=0.8120
[student-baseline] Epoch   6 | val_loss=0.4876 | val_acc=0.7949
[student-baseline] Epoch   7 | val_loss=0.4595 | val_acc=0.8120
[student-baseline] Epoch   8 | val_loss=0.4389 | val_acc=0.8205
[student-baseline] Epoch   9 | val_loss=0.4910 | val_acc=0.7607
[student-baseline] Epoch  10 | val_loss=0.4909 | val_acc=0.7607
[student-baseline] Epoch  11 | val_loss=0.4620 | val_acc=0.7863
[student-baseline] Epoch  12 | val_loss=0.4113 | val_acc=0.8291
[student-baseline] Epoch  13 | val_loss=0.3957 | val_acc=0.8462
[student-baseline] Epoch  14 | val_loss=0.3623 | val_acc=0.8547
[student-baseline] Epoch  15 | val_loss=0.3644 | val_acc=0.8718
[student-baseline] Epoch  16 | val_loss=0.4546 | val_acc=0.8291
[student-baseline] Epoch  17 | val_loss=0.4036 | val_acc=0.8547
[student-baseline] Epoch  18 | val_loss=0.4014 | val_acc=0.8632
[student-baseline] Epoch  19 | val_loss=0.3709 | val_acc=0.8718
[student-baseline] Epoch  20 | val_loss=0.3339 | val_acc=0.8803
[student-baseline] Epoch  21 | val_loss=0.3558 | val_acc=0.8803
[student-baseline] Epoch  22 | val_loss=0.2952 | val_acc=0.8889
[student-baseline] Epoch  23 | val_loss=0.3413 | val_acc=0.8889
[student-baseline] Epoch  24 | val_loss=0.4036 | val_acc=0.8718
[student-baseline] Epoch  25 | val_loss=0.3787 | val_acc=0.8889
[student-baseline] Epoch  26 | val_loss=0.3268 | val_acc=0.8718
[student-baseline] Epoch  27 | val_loss=0.2962 | val_acc=0.8718
[student-baseline] Epoch  28 | val_loss=0.2848 | val_acc=0.8889
[student-baseline] Epoch  29 | val_loss=0.2674 | val_acc=0.8974
[student-baseline] Epoch  30 | val_loss=0.2821 | val_acc=0.9145
[student-baseline] Epoch  31 | val_loss=0.3182 | val_acc=0.9060
[student-baseline] Epoch  32 | val_loss=0.3362 | val_acc=0.8803
[student-baseline] Epoch  33 | val_loss=0.3102 | val_acc=0.9231
[student-baseline] Epoch  34 | val_loss=0.2910 | val_acc=0.9060
[student-baseline] Epoch  35 | val_loss=0.3491 | val_acc=0.9145
[student-baseline] Epoch  36 | val_loss=0.3282 | val_acc=0.9145
[student-baseline] Epoch  37 | val_loss=0.2986 | val_acc=0.9316
[student-baseline] Epoch  38 | val_loss=0.2918 | val_acc=0.9060
[student-baseline] Epoch  39 | val_loss=0.3153 | val_acc=0.8974
[student-baseline] Epoch  40 | val_loss=0.3476 | val_acc=0.8889
[student-baseline] Epoch  41 | val_loss=0.3271 | val_acc=0.8974
[student-baseline] Epoch  42 | val_loss=0.3197 | val_acc=0.8718
[student-baseline] Epoch  43 | val_loss=0.3118 | val_acc=0.8974
[student-baseline] Epoch  44 | val_loss=0.3136 | val_acc=0.8974
[student-baseline] Early stopping at epoch 44
[student-kd T=2 a=0.5] Epoch   1 | val_loss=0.9180 | val_acc=0.5214
[student-kd T=2 a=0.5] Epoch   2 | val_loss=0.7128 | val_acc=0.7179
[student-kd T=2 a=0.5] Epoch   3 | val_loss=0.6257 | val_acc=0.7778
[student-kd T=2 a=0.5] Epoch   4 | val_loss=0.5847 | val_acc=0.8120
[student-kd T=2 a=0.5] Epoch   5 | val_loss=0.5851 | val_acc=0.7863
[student-kd T=2 a=0.5] Epoch   6 | val_loss=0.6028 | val_acc=0.7436
[student-kd T=2 a=0.5] Epoch   7 | val_loss=0.5822 | val_acc=0.7350
[student-kd T=2 a=0.5] Epoch   8 | val_loss=0.6185 | val_acc=0.7350
[student-kd T=2 a=0.5] Epoch   9 | val_loss=0.5789 | val_acc=0.7265
[student-kd T=2 a=0.5] Epoch  10 | val_loss=0.4711 | val_acc=0.8205
[student-kd T=2 a=0.5] Epoch  11 | val_loss=0.4646 | val_acc=0.8120
[student-kd T=2 a=0.5] Epoch  12 | val_loss=0.4585 | val_acc=0.8034
[student-kd T=2 a=0.5] Epoch  13 | val_loss=0.4470 | val_acc=0.8034
[student-kd T=2 a=0.5] Epoch  14 | val_loss=0.3811 | val_acc=0.8291
[student-kd T=2 a=0.5] Epoch  15 | val_loss=0.3626 | val_acc=0.8462
[student-kd T=2 a=0.5] Epoch  16 | val_loss=0.3895 | val_acc=0.8462
[student-kd T=2 a=0.5] Epoch  17 | val_loss=0.3345 | val_acc=0.8376
[student-kd T=2 a=0.5] Epoch  18 | val_loss=0.3862 | val_acc=0.8376
[student-kd T=2 a=0.5] Epoch  19 | val_loss=0.3041 | val_acc=0.8718
[student-kd T=2 a=0.5] Epoch  20 | val_loss=0.2727 | val_acc=0.8974
[student-kd T=2 a=0.5] Epoch  21 | val_loss=0.2921 | val_acc=0.8889
[student-kd T=2 a=0.5] Epoch  22 | val_loss=0.2538 | val_acc=0.9060
[student-kd T=2 a=0.5] Epoch  23 | val_loss=0.2588 | val_acc=0.8974
[student-kd T=2 a=0.5] Epoch  24 | val_loss=0.2424 | val_acc=0.8803
[student-kd T=2 a=0.5] Epoch  25 | val_loss=0.2784 | val_acc=0.8889
[student-kd T=2 a=0.5] Epoch  26 | val_loss=0.2860 | val_acc=0.8974
[student-kd T=2 a=0.5] Epoch  27 | val_loss=0.2919 | val_acc=0.8889
[student-kd T=2 a=0.5] Epoch  28 | val_loss=0.2802 | val_acc=0.8718
[student-kd T=2 a=0.5] Epoch  29 | val_loss=0.3085 | val_acc=0.8889
[student-kd T=2 a=0.5] Epoch  30 | val_loss=0.2746 | val_acc=0.9060
[student-kd T=2 a=0.5] Epoch  31 | val_loss=0.2601 | val_acc=0.9060
[student-kd T=2 a=0.5] Epoch  32 | val_loss=0.2578 | val_acc=0.8889
[student-kd T=2 a=0.5] Epoch  33 | val_loss=0.2721 | val_acc=0.8889
[student-kd T=2 a=0.5] Epoch  34 | val_loss=0.2600 | val_acc=0.9060
[student-kd T=2 a=0.5] Epoch  35 | val_loss=0.2618 | val_acc=0.8974
[student-kd T=2 a=0.5] Epoch  36 | val_loss=0.2810 | val_acc=0.9145
[student-kd T=2 a=0.5] Epoch  37 | val_loss=0.2779 | val_acc=0.8974
[student-kd T=2 a=0.5] Epoch  38 | val_loss=0.2721 | val_acc=0.9060
[student-kd T=2 a=0.5] Epoch  39 | val_loss=0.2551 | val_acc=0.8974
[student-kd T=2 a=0.5] Early stopping at epoch 39
[student-kd T=2 a=0.5] Epoch   1 | val_loss=0.8347 | val_acc=0.5726
[student-kd T=2 a=0.5] Epoch   2 | val_loss=0.6942 | val_acc=0.7350
[student-kd T=2 a=0.5] Epoch   3 | val_loss=0.6325 | val_acc=0.7607
[student-kd T=2 a=0.5] Epoch   4 | val_loss=0.6022 | val_acc=0.7521
[student-kd T=2 a=0.5] Epoch   5 | val_loss=0.5448 | val_acc=0.7863
[student-kd T=2 a=0.5] Epoch   6 | val_loss=0.5188 | val_acc=0.8034
[student-kd T=2 a=0.5] Epoch   7 | val_loss=0.5483 | val_acc=0.7778
[student-kd T=2 a=0.5] Epoch   8 | val_loss=0.4745 | val_acc=0.8291
[student-kd T=2 a=0.5] Epoch   9 | val_loss=0.4463 | val_acc=0.8205
[student-kd T=2 a=0.5] Epoch  10 | val_loss=0.4647 | val_acc=0.8205
[student-kd T=2 a=0.5] Epoch  11 | val_loss=0.4840 | val_acc=0.7863
[student-kd T=2 a=0.5] Epoch  12 | val_loss=0.4303 | val_acc=0.8205
[student-kd T=2 a=0.5] Epoch  13 | val_loss=0.4241 | val_acc=0.8291
[student-kd T=2 a=0.5] Epoch  14 | val_loss=0.4247 | val_acc=0.8205
[student-kd T=2 a=0.5] Epoch  15 | val_loss=0.4138 | val_acc=0.8291
[student-kd T=2 a=0.5] Epoch  16 | val_loss=0.3912 | val_acc=0.8632
[student-kd T=2 a=0.5] Epoch  17 | val_loss=0.3794 | val_acc=0.8547
[student-kd T=2 a=0.5] Epoch  18 | val_loss=0.3714 | val_acc=0.8462
[student-kd T=2 a=0.5] Epoch  19 | val_loss=0.3498 | val_acc=0.8632
[student-kd T=2 a=0.5] Epoch  20 | val_loss=0.4293 | val_acc=0.8120
[student-kd T=2 a=0.5] Epoch  21 | val_loss=0.3343 | val_acc=0.8718
[student-kd T=2 a=0.5] Epoch  22 | val_loss=0.3106 | val_acc=0.8974
[student-kd T=2 a=0.5] Epoch  23 | val_loss=0.2787 | val_acc=0.8889
[student-kd T=2 a=0.5] Epoch  24 | val_loss=0.2843 | val_acc=0.8889
[student-kd T=2 a=0.5] Epoch  25 | val_loss=0.3432 | val_acc=0.8547
[student-kd T=2 a=0.5] Epoch  26 | val_loss=0.3448 | val_acc=0.8547
[student-kd T=2 a=0.5] Epoch  27 | val_loss=0.3390 | val_acc=0.8632
[student-kd T=2 a=0.5] Epoch  28 | val_loss=0.3699 | val_acc=0.8718
[student-kd T=2 a=0.5] Epoch  29 | val_loss=0.3559 | val_acc=0.8632
[student-kd T=2 a=0.5] Epoch  30 | val_loss=0.3323 | val_acc=0.8718
[student-kd T=2 a=0.5] Epoch  31 | val_loss=0.3220 | val_acc=0.8803
[student-kd T=2 a=0.5] Epoch  32 | val_loss=0.3131 | val_acc=0.8718
[student-kd T=2 a=0.5] Epoch  33 | val_loss=0.3077 | val_acc=0.8889
[student-kd T=2 a=0.5] Epoch  34 | val_loss=0.3399 | val_acc=0.8462
[student-kd T=2 a=0.5] Epoch  35 | val_loss=0.2980 | val_acc=0.8889
[student-kd T=2 a=0.5] Epoch  36 | val_loss=0.3005 | val_acc=0.8718
[student-kd T=2 a=0.5] Epoch  37 | val_loss=0.3111 | val_acc=0.8718
[student-kd T=2 a=0.5] Epoch  38 | val_loss=0.3161 | val_acc=0.8803
[student-kd T=2 a=0.5] Early stopping at epoch 38
[student-kd T=2 a=0.5] Epoch   1 | val_loss=0.8764 | val_acc=0.6410
[student-kd T=2 a=0.5] Epoch   2 | val_loss=0.7268 | val_acc=0.7265
[student-kd T=2 a=0.5] Epoch   3 | val_loss=0.5856 | val_acc=0.7778
[student-kd T=2 a=0.5] Epoch   4 | val_loss=0.5358 | val_acc=0.8034
[student-kd T=2 a=0.5] Epoch   5 | val_loss=0.5057 | val_acc=0.8462
[student-kd T=2 a=0.5] Epoch   6 | val_loss=0.4719 | val_acc=0.8291
[student-kd T=2 a=0.5] Epoch   7 | val_loss=0.4987 | val_acc=0.7949
[student-kd T=2 a=0.5] Epoch   8 | val_loss=0.5016 | val_acc=0.7863
[student-kd T=2 a=0.5] Epoch   9 | val_loss=0.5181 | val_acc=0.7692
[student-kd T=2 a=0.5] Epoch  10 | val_loss=0.4536 | val_acc=0.8291
[student-kd T=2 a=0.5] Epoch  11 | val_loss=0.4033 | val_acc=0.8462
[student-kd T=2 a=0.5] Epoch  12 | val_loss=0.3713 | val_acc=0.8632
[student-kd T=2 a=0.5] Epoch  13 | val_loss=0.3819 | val_acc=0.8632
[student-kd T=2 a=0.5] Epoch  14 | val_loss=0.3461 | val_acc=0.8547
[student-kd T=2 a=0.5] Epoch  15 | val_loss=0.3666 | val_acc=0.8462
[student-kd T=2 a=0.5] Epoch  16 | val_loss=0.3406 | val_acc=0.8376
[student-kd T=2 a=0.5] Epoch  17 | val_loss=0.2971 | val_acc=0.8803
[student-kd T=2 a=0.5] Epoch  18 | val_loss=0.2794 | val_acc=0.8974
[student-kd T=2 a=0.5] Epoch  19 | val_loss=0.3131 | val_acc=0.8889
[student-kd T=2 a=0.5] Epoch  20 | val_loss=0.3287 | val_acc=0.8889
[student-kd T=2 a=0.5] Epoch  21 | val_loss=0.2625 | val_acc=0.9145
[student-kd T=2 a=0.5] Epoch  22 | val_loss=0.2904 | val_acc=0.9145
[student-kd T=2 a=0.5] Epoch  23 | val_loss=0.2591 | val_acc=0.9060
[student-kd T=2 a=0.5] Epoch  24 | val_loss=0.2652 | val_acc=0.9231
[student-kd T=2 a=0.5] Epoch  25 | val_loss=0.2721 | val_acc=0.9060
[student-kd T=2 a=0.5] Epoch  26 | val_loss=0.2598 | val_acc=0.9145
[student-kd T=2 a=0.5] Epoch  27 | val_loss=0.2579 | val_acc=0.9145
[student-kd T=2 a=0.5] Epoch  28 | val_loss=0.2534 | val_acc=0.9145
[student-kd T=2 a=0.5] Epoch  29 | val_loss=0.2353 | val_acc=0.9316
[student-kd T=2 a=0.5] Epoch  30 | val_loss=0.2327 | val_acc=0.9231
[student-kd T=2 a=0.5] Epoch  31 | val_loss=0.2325 | val_acc=0.9145
[student-kd T=2 a=0.5] Epoch  32 | val_loss=0.2321 | val_acc=0.9145
[student-kd T=2 a=0.5] Epoch  33 | val_loss=0.2711 | val_acc=0.9060
[student-kd T=2 a=0.5] Epoch  34 | val_loss=0.2219 | val_acc=0.9145
[student-kd T=2 a=0.5] Epoch  35 | val_loss=0.2270 | val_acc=0.9231
[student-kd T=2 a=0.5] Epoch  36 | val_loss=0.2343 | val_acc=0.9402
[student-kd T=2 a=0.5] Epoch  37 | val_loss=0.2317 | val_acc=0.9231
[student-kd T=2 a=0.5] Epoch  38 | val_loss=0.2228 | val_acc=0.9231
[student-kd T=2 a=0.5] Epoch  39 | val_loss=0.2253 | val_acc=0.9487
[student-kd T=2 a=0.5] Epoch  40 | val_loss=0.2489 | val_acc=0.9060
[student-kd T=2 a=0.5] Epoch  41 | val_loss=0.2269 | val_acc=0.9402
[student-kd T=2 a=0.5] Epoch  42 | val_loss=0.2152 | val_acc=0.9658
[student-kd T=2 a=0.5] Epoch  43 | val_loss=0.2243 | val_acc=0.9402
[student-kd T=2 a=0.5] Epoch  44 | val_loss=0.2104 | val_acc=0.9402
[student-kd T=2 a=0.5] Epoch  45 | val_loss=0.2204 | val_acc=0.9402
[student-kd T=2 a=0.5] Epoch  46 | val_loss=0.2204 | val_acc=0.9487
[student-kd T=2 a=0.5] Epoch  47 | val_loss=0.2132 | val_acc=0.9487
[student-kd T=2 a=0.5] Epoch  48 | val_loss=0.2097 | val_acc=0.9402
[student-kd T=2 a=0.5] Epoch  49 | val_loss=0.2259 | val_acc=0.9231
[student-kd T=2 a=0.5] Epoch  50 | val_loss=0.2279 | val_acc=0.9316
[student-kd T=2 a=0.5] Epoch  51 | val_loss=0.2034 | val_acc=0.9487
[student-kd T=2 a=0.5] Epoch  52 | val_loss=0.2022 | val_acc=0.9316
[student-kd T=2 a=0.5] Epoch  53 | val_loss=0.2089 | val_acc=0.9402
[student-kd T=2 a=0.5] Epoch  54 | val_loss=0.2124 | val_acc=0.9487
[student-kd T=2 a=0.5] Epoch  55 | val_loss=0.2191 | val_acc=0.9402
[student-kd T=2 a=0.5] Epoch  56 | val_loss=0.2162 | val_acc=0.9487
[student-kd T=2 a=0.5] Epoch  57 | val_loss=0.2082 | val_acc=0.9573
[student-kd T=2 a=0.5] Epoch  58 | val_loss=0.2110 | val_acc=0.9487
[student-kd T=2 a=0.5] Epoch  59 | val_loss=0.2071 | val_acc=0.9487
[student-kd T=2 a=0.5] Epoch  60 | val_loss=0.2078 | val_acc=0.9573
[student-kd T=2 a=0.5] Epoch  61 | val_loss=0.2001 | val_acc=0.9658
[student-kd T=2 a=0.5] Epoch  62 | val_loss=0.1998 | val_acc=0.9744
[student-kd T=2 a=0.5] Epoch  63 | val_loss=0.1995 | val_acc=0.9744
[student-kd T=2 a=0.5] Epoch  64 | val_loss=0.2025 | val_acc=0.9658
[student-kd T=2 a=0.5] Epoch  65 | val_loss=0.2051 | val_acc=0.9744
[student-kd T=2 a=0.5] Epoch  66 | val_loss=0.2056 | val_acc=0.9658
[student-kd T=2 a=0.5] Epoch  67 | val_loss=0.2061 | val_acc=0.9658
[student-kd T=2 a=0.5] Epoch  68 | val_loss=0.2243 | val_acc=0.9316
[student-kd T=2 a=0.5] Epoch  69 | val_loss=0.2201 | val_acc=0.9402
[student-kd T=2 a=0.5] Epoch  70 | val_loss=0.2199 | val_acc=0.9487
[student-kd T=2 a=0.5] Epoch  71 | val_loss=0.2157 | val_acc=0.9402
[student-kd T=2 a=0.5] Epoch  72 | val_loss=0.2187 | val_acc=0.9402
[student-kd T=2 a=0.5] Epoch  73 | val_loss=0.2173 | val_acc=0.9316
[student-kd T=2 a=0.5] Epoch  74 | val_loss=0.2166 | val_acc=0.9402
[student-kd T=2 a=0.5] Epoch  75 | val_loss=0.2147 | val_acc=0.9487
[student-kd T=2 a=0.5] Epoch  76 | val_loss=0.2130 | val_acc=0.9487
[student-kd T=2 a=0.5] Epoch  77 | val_loss=0.2131 | val_acc=0.9402
[student-kd T=2 a=0.5] Epoch  78 | val_loss=0.2119 | val_acc=0.9487
[student-kd T=2 a=0.5] Early stopping at epoch 78
[student-kd T=2 a=0.5] Epoch   1 | val_loss=0.8743 | val_acc=0.6325
[student-kd T=2 a=0.5] Epoch   2 | val_loss=0.6562 | val_acc=0.7949
[student-kd T=2 a=0.5] Epoch   3 | val_loss=0.5637 | val_acc=0.8034
[student-kd T=2 a=0.5] Epoch   4 | val_loss=0.5535 | val_acc=0.7607
[student-kd T=2 a=0.5] Epoch   5 | val_loss=0.5612 | val_acc=0.7350
[student-kd T=2 a=0.5] Epoch   6 | val_loss=0.5217 | val_acc=0.7521
[student-kd T=2 a=0.5] Epoch   7 | val_loss=0.5509 | val_acc=0.7350
[student-kd T=2 a=0.5] Epoch   8 | val_loss=0.5343 | val_acc=0.7436
[student-kd T=2 a=0.5] Epoch   9 | val_loss=0.6169 | val_acc=0.7350
[student-kd T=2 a=0.5] Epoch  10 | val_loss=0.6420 | val_acc=0.7179
[student-kd T=2 a=0.5] Epoch  11 | val_loss=0.5367 | val_acc=0.7778
[student-kd T=2 a=0.5] Epoch  12 | val_loss=0.4687 | val_acc=0.7863
[student-kd T=2 a=0.5] Epoch  13 | val_loss=0.4435 | val_acc=0.8205
[student-kd T=2 a=0.5] Epoch  14 | val_loss=0.4718 | val_acc=0.8205
[student-kd T=2 a=0.5] Epoch  15 | val_loss=0.4549 | val_acc=0.8291
[student-kd T=2 a=0.5] Epoch  16 | val_loss=0.4165 | val_acc=0.8718
[student-kd T=2 a=0.5] Epoch  17 | val_loss=0.3869 | val_acc=0.8803
[student-kd T=2 a=0.5] Epoch  18 | val_loss=0.3960 | val_acc=0.8718
[student-kd T=2 a=0.5] Epoch  19 | val_loss=0.3455 | val_acc=0.9060
[student-kd T=2 a=0.5] Epoch  20 | val_loss=0.3969 | val_acc=0.8803
[student-kd T=2 a=0.5] Epoch  21 | val_loss=0.3525 | val_acc=0.9060
[student-kd T=2 a=0.5] Epoch  22 | val_loss=0.3579 | val_acc=0.8974
[student-kd T=2 a=0.5] Epoch  23 | val_loss=0.4205 | val_acc=0.8718
[student-kd T=2 a=0.5] Epoch  24 | val_loss=0.3923 | val_acc=0.8889
[student-kd T=2 a=0.5] Epoch  25 | val_loss=0.4182 | val_acc=0.8803
[student-kd T=2 a=0.5] Epoch  26 | val_loss=0.3961 | val_acc=0.8803
[student-kd T=2 a=0.5] Epoch  27 | val_loss=0.3836 | val_acc=0.8889
[student-kd T=2 a=0.5] Epoch  28 | val_loss=0.3853 | val_acc=0.8974
[student-kd T=2 a=0.5] Epoch  29 | val_loss=0.3783 | val_acc=0.8974
[student-kd T=2 a=0.5] Epoch  30 | val_loss=0.4068 | val_acc=0.8889
[student-kd T=2 a=0.5] Epoch  31 | val_loss=0.3952 | val_acc=0.8889
[student-kd T=2 a=0.5] Epoch  32 | val_loss=0.3869 | val_acc=0.8889
[student-kd T=2 a=0.5] Epoch  33 | val_loss=0.3943 | val_acc=0.8974
[student-kd T=2 a=0.5] Epoch  34 | val_loss=0.3905 | val_acc=0.8974
[student-kd T=2 a=0.5] Early stopping at epoch 34
[student-kd T=2 a=0.5] Epoch   1 | val_loss=0.8683 | val_acc=0.5983
[student-kd T=2 a=0.5] Epoch   2 | val_loss=0.7316 | val_acc=0.6838
[student-kd T=2 a=0.5] Epoch   3 | val_loss=0.6777 | val_acc=0.7179
[student-kd T=2 a=0.5] Epoch   4 | val_loss=0.6581 | val_acc=0.7179
[student-kd T=2 a=0.5] Epoch   5 | val_loss=0.5708 | val_acc=0.7436
[student-kd T=2 a=0.5] Epoch   6 | val_loss=0.6404 | val_acc=0.7265
[student-kd T=2 a=0.5] Epoch   7 | val_loss=0.6655 | val_acc=0.7265
[student-kd T=2 a=0.5] Epoch   8 | val_loss=0.5610 | val_acc=0.7692
[student-kd T=2 a=0.5] Epoch   9 | val_loss=0.5793 | val_acc=0.7692
[student-kd T=2 a=0.5] Epoch  10 | val_loss=0.4888 | val_acc=0.7863
[student-kd T=2 a=0.5] Epoch  11 | val_loss=0.4479 | val_acc=0.8034
[student-kd T=2 a=0.5] Epoch  12 | val_loss=0.4201 | val_acc=0.8120
[student-kd T=2 a=0.5] Epoch  13 | val_loss=0.3922 | val_acc=0.8376
[student-kd T=2 a=0.5] Epoch  14 | val_loss=0.3787 | val_acc=0.8120
[student-kd T=2 a=0.5] Epoch  15 | val_loss=0.3227 | val_acc=0.8547
[student-kd T=2 a=0.5] Epoch  16 | val_loss=0.2558 | val_acc=0.9060
[student-kd T=2 a=0.5] Epoch  17 | val_loss=0.3223 | val_acc=0.8376
[student-kd T=2 a=0.5] Epoch  18 | val_loss=0.2728 | val_acc=0.8889
[student-kd T=2 a=0.5] Epoch  19 | val_loss=0.2519 | val_acc=0.8974
[student-kd T=2 a=0.5] Epoch  20 | val_loss=0.2350 | val_acc=0.9145
[student-kd T=2 a=0.5] Epoch  21 | val_loss=0.2085 | val_acc=0.9316
[student-kd T=2 a=0.5] Epoch  22 | val_loss=0.2516 | val_acc=0.9145
[student-kd T=2 a=0.5] Epoch  23 | val_loss=0.2656 | val_acc=0.8974
[student-kd T=2 a=0.5] Epoch  24 | val_loss=0.2844 | val_acc=0.9060
[student-kd T=2 a=0.5] Epoch  25 | val_loss=0.2219 | val_acc=0.9145
[student-kd T=2 a=0.5] Epoch  26 | val_loss=0.2276 | val_acc=0.8974
[student-kd T=2 a=0.5] Epoch  27 | val_loss=0.2725 | val_acc=0.8889
[student-kd T=2 a=0.5] Epoch  28 | val_loss=0.2568 | val_acc=0.9145
[student-kd T=2 a=0.5] Epoch  29 | val_loss=0.2469 | val_acc=0.9060
[student-kd T=2 a=0.5] Epoch  30 | val_loss=0.2481 | val_acc=0.8974
[student-kd T=2 a=0.5] Epoch  31 | val_loss=0.2536 | val_acc=0.8974
[student-kd T=2 a=0.5] Epoch  32 | val_loss=0.2536 | val_acc=0.8889
[student-kd T=2 a=0.5] Epoch  33 | val_loss=0.2467 | val_acc=0.8974
[student-kd T=2 a=0.5] Epoch  34 | val_loss=0.2405 | val_acc=0.9060
[student-kd T=2 a=0.5] Epoch  35 | val_loss=0.2359 | val_acc=0.9231
[student-kd T=2 a=0.5] Epoch  36 | val_loss=0.2293 | val_acc=0.9145
[student-kd T=2 a=0.5] Early stopping at epoch 36
[student-kd T=2 a=0.5] Epoch   1 | val_loss=0.8998 | val_acc=0.5043
[student-kd T=2 a=0.5] Epoch   2 | val_loss=0.6840 | val_acc=0.7863
[student-kd T=2 a=0.5] Epoch   3 | val_loss=0.6006 | val_acc=0.8291
[student-kd T=2 a=0.5] Epoch   4 | val_loss=0.5483 | val_acc=0.8034
[student-kd T=2 a=0.5] Epoch   5 | val_loss=0.5276 | val_acc=0.7949
[student-kd T=2 a=0.5] Epoch   6 | val_loss=0.5361 | val_acc=0.7692
[student-kd T=2 a=0.5] Epoch   7 | val_loss=0.4981 | val_acc=0.8291
[student-kd T=2 a=0.5] Epoch   8 | val_loss=0.5108 | val_acc=0.8205
[student-kd T=2 a=0.5] Epoch   9 | val_loss=0.4933 | val_acc=0.8034
[student-kd T=2 a=0.5] Epoch  10 | val_loss=0.4452 | val_acc=0.8205
[student-kd T=2 a=0.5] Epoch  11 | val_loss=0.4377 | val_acc=0.8205
[student-kd T=2 a=0.5] Epoch  12 | val_loss=0.4218 | val_acc=0.8462
[student-kd T=2 a=0.5] Epoch  13 | val_loss=0.4044 | val_acc=0.8718
[student-kd T=2 a=0.5] Epoch  14 | val_loss=0.3734 | val_acc=0.8803
[student-kd T=2 a=0.5] Epoch  15 | val_loss=0.3492 | val_acc=0.8632
[student-kd T=2 a=0.5] Epoch  16 | val_loss=0.3456 | val_acc=0.8718
[student-kd T=2 a=0.5] Epoch  17 | val_loss=0.3026 | val_acc=0.8632
[student-kd T=2 a=0.5] Epoch  18 | val_loss=0.3158 | val_acc=0.8889
[student-kd T=2 a=0.5] Epoch  19 | val_loss=0.2993 | val_acc=0.8547
[student-kd T=2 a=0.5] Epoch  20 | val_loss=0.2785 | val_acc=0.8889
[student-kd T=2 a=0.5] Epoch  21 | val_loss=0.2852 | val_acc=0.8974
[student-kd T=2 a=0.5] Epoch  22 | val_loss=0.2713 | val_acc=0.8803
[student-kd T=2 a=0.5] Epoch  23 | val_loss=0.2867 | val_acc=0.8718
[student-kd T=2 a=0.5] Epoch  24 | val_loss=0.2626 | val_acc=0.8974
[student-kd T=2 a=0.5] Epoch  25 | val_loss=0.2698 | val_acc=0.8974
[student-kd T=2 a=0.5] Epoch  26 | val_loss=0.2571 | val_acc=0.8889
[student-kd T=2 a=0.5] Epoch  27 | val_loss=0.2758 | val_acc=0.8803
[student-kd T=2 a=0.5] Epoch  28 | val_loss=0.2784 | val_acc=0.8889
[student-kd T=2 a=0.5] Epoch  29 | val_loss=0.2721 | val_acc=0.9060
[student-kd T=2 a=0.5] Epoch  30 | val_loss=0.2422 | val_acc=0.9060
[student-kd T=2 a=0.5] Epoch  31 | val_loss=0.2489 | val_acc=0.9145
[student-kd T=2 a=0.5] Epoch  32 | val_loss=0.2467 | val_acc=0.9145
[student-kd T=2 a=0.5] Epoch  33 | val_loss=0.2519 | val_acc=0.9145
[student-kd T=2 a=0.5] Epoch  34 | val_loss=0.2490 | val_acc=0.8889
[student-kd T=2 a=0.5] Epoch  35 | val_loss=0.2780 | val_acc=0.8974
[student-kd T=2 a=0.5] Epoch  36 | val_loss=0.2779 | val_acc=0.8889
[student-kd T=2 a=0.5] Epoch  37 | val_loss=0.2598 | val_acc=0.9060
[student-kd T=2 a=0.5] Epoch  38 | val_loss=0.2688 | val_acc=0.8974
[student-kd T=2 a=0.5] Epoch  39 | val_loss=0.2596 | val_acc=0.9060
[student-kd T=2 a=0.5] Epoch  40 | val_loss=0.2490 | val_acc=0.9060
[student-kd T=2 a=0.5] Epoch  41 | val_loss=0.2617 | val_acc=0.9060
[student-kd T=2 a=0.5] Epoch  42 | val_loss=0.2608 | val_acc=0.9145
[student-kd T=2 a=0.5] Epoch  43 | val_loss=0.2616 | val_acc=0.9231
[student-kd T=2 a=0.5] Epoch  44 | val_loss=0.2570 | val_acc=0.9145
[student-kd T=2 a=0.5] Epoch  45 | val_loss=0.2623 | val_acc=0.9060
[student-kd T=2 a=0.5] Early stopping at epoch 45
[student-kd T=2 a=0.5] Epoch   1 | val_loss=0.8135 | val_acc=0.5897
[student-kd T=2 a=0.5] Epoch   2 | val_loss=0.6665 | val_acc=0.7521
[student-kd T=2 a=0.5] Epoch   3 | val_loss=0.5837 | val_acc=0.7692
[student-kd T=2 a=0.5] Epoch   4 | val_loss=0.5266 | val_acc=0.7692
[student-kd T=2 a=0.5] Epoch   5 | val_loss=0.5005 | val_acc=0.7778
[student-kd T=2 a=0.5] Epoch   6 | val_loss=0.5087 | val_acc=0.7863
[student-kd T=2 a=0.5] Epoch   7 | val_loss=0.5268 | val_acc=0.7607
[student-kd T=2 a=0.5] Epoch   8 | val_loss=0.5541 | val_acc=0.7607
[student-kd T=2 a=0.5] Epoch   9 | val_loss=0.5404 | val_acc=0.7778
[student-kd T=2 a=0.5] Epoch  10 | val_loss=0.5734 | val_acc=0.7778
[student-kd T=2 a=0.5] Epoch  11 | val_loss=0.5470 | val_acc=0.8034
[student-kd T=2 a=0.5] Epoch  12 | val_loss=0.5155 | val_acc=0.7949
[student-kd T=2 a=0.5] Epoch  13 | val_loss=0.5350 | val_acc=0.7949
[student-kd T=2 a=0.5] Epoch  14 | val_loss=0.5282 | val_acc=0.7863
[student-kd T=2 a=0.5] Epoch  15 | val_loss=0.5019 | val_acc=0.8120
[student-kd T=2 a=0.5] Epoch  16 | val_loss=0.4853 | val_acc=0.8291
[student-kd T=2 a=0.5] Epoch  17 | val_loss=0.4665 | val_acc=0.8120
[student-kd T=2 a=0.5] Epoch  18 | val_loss=0.4610 | val_acc=0.8120
[student-kd T=2 a=0.5] Epoch  19 | val_loss=0.4300 | val_acc=0.8120
[student-kd T=2 a=0.5] Epoch  20 | val_loss=0.4753 | val_acc=0.8291
[student-kd T=2 a=0.5] Epoch  21 | val_loss=0.4246 | val_acc=0.8205
[student-kd T=2 a=0.5] Epoch  22 | val_loss=0.3993 | val_acc=0.8034
[student-kd T=2 a=0.5] Epoch  23 | val_loss=0.3786 | val_acc=0.8205
[student-kd T=2 a=0.5] Epoch  24 | val_loss=0.3516 | val_acc=0.8291
[student-kd T=2 a=0.5] Epoch  25 | val_loss=0.4023 | val_acc=0.7949
[student-kd T=2 a=0.5] Epoch  26 | val_loss=0.4217 | val_acc=0.8034
[student-kd T=2 a=0.5] Epoch  27 | val_loss=0.4271 | val_acc=0.8120
[student-kd T=2 a=0.5] Epoch  28 | val_loss=0.4113 | val_acc=0.8034
[student-kd T=2 a=0.5] Epoch  29 | val_loss=0.3749 | val_acc=0.8291
[student-kd T=2 a=0.5] Epoch  30 | val_loss=0.3805 | val_acc=0.8205
[student-kd T=2 a=0.5] Epoch  31 | val_loss=0.3730 | val_acc=0.8291
[student-kd T=2 a=0.5] Epoch  32 | val_loss=0.3870 | val_acc=0.8120
[student-kd T=2 a=0.5] Epoch  33 | val_loss=0.3676 | val_acc=0.8376
[student-kd T=2 a=0.5] Epoch  34 | val_loss=0.3808 | val_acc=0.8376
[student-kd T=2 a=0.5] Epoch  35 | val_loss=0.3668 | val_acc=0.8291
[student-kd T=2 a=0.5] Epoch  36 | val_loss=0.3701 | val_acc=0.8376
[student-kd T=2 a=0.5] Epoch  37 | val_loss=0.3604 | val_acc=0.8376
[student-kd T=2 a=0.5] Epoch  38 | val_loss=0.3588 | val_acc=0.8462
[student-kd T=2 a=0.5] Epoch  39 | val_loss=0.3550 | val_acc=0.8547
[student-kd T=2 a=0.5] Early stopping at epoch 39
[student-kd T=2 a=0.5] Epoch   1 | val_loss=0.8760 | val_acc=0.6496
[student-kd T=2 a=0.5] Epoch   2 | val_loss=0.6750 | val_acc=0.7179
[student-kd T=2 a=0.5] Epoch   3 | val_loss=0.5360 | val_acc=0.7692
[student-kd T=2 a=0.5] Epoch   4 | val_loss=0.5000 | val_acc=0.8291
[student-kd T=2 a=0.5] Epoch   5 | val_loss=0.4890 | val_acc=0.8034
[student-kd T=2 a=0.5] Epoch   6 | val_loss=0.4713 | val_acc=0.8034
[student-kd T=2 a=0.5] Epoch   7 | val_loss=0.5064 | val_acc=0.7778
[student-kd T=2 a=0.5] Epoch   8 | val_loss=0.4801 | val_acc=0.8034
[student-kd T=2 a=0.5] Epoch   9 | val_loss=0.4773 | val_acc=0.7863
[student-kd T=2 a=0.5] Epoch  10 | val_loss=0.4615 | val_acc=0.8205
[student-kd T=2 a=0.5] Epoch  11 | val_loss=0.4357 | val_acc=0.8376
[student-kd T=2 a=0.5] Epoch  12 | val_loss=0.3920 | val_acc=0.8291
[student-kd T=2 a=0.5] Epoch  13 | val_loss=0.3616 | val_acc=0.8718
[student-kd T=2 a=0.5] Epoch  14 | val_loss=0.3559 | val_acc=0.8803
[student-kd T=2 a=0.5] Epoch  15 | val_loss=0.3530 | val_acc=0.8291
[student-kd T=2 a=0.5] Epoch  16 | val_loss=0.3905 | val_acc=0.8462
[student-kd T=2 a=0.5] Epoch  17 | val_loss=0.3554 | val_acc=0.8376
[student-kd T=2 a=0.5] Epoch  18 | val_loss=0.3061 | val_acc=0.8718
[student-kd T=2 a=0.5] Epoch  19 | val_loss=0.3021 | val_acc=0.8803
[student-kd T=2 a=0.5] Epoch  20 | val_loss=0.3046 | val_acc=0.8974
[student-kd T=2 a=0.5] Epoch  21 | val_loss=0.2941 | val_acc=0.8889
[student-kd T=2 a=0.5] Epoch  22 | val_loss=0.3117 | val_acc=0.8547
[student-kd T=2 a=0.5] Epoch  23 | val_loss=0.2603 | val_acc=0.8974
[student-kd T=2 a=0.5] Epoch  24 | val_loss=0.2809 | val_acc=0.9060
[student-kd T=2 a=0.5] Epoch  25 | val_loss=0.2822 | val_acc=0.9060
[student-kd T=2 a=0.5] Epoch  26 | val_loss=0.2790 | val_acc=0.8889
[student-kd T=2 a=0.5] Epoch  27 | val_loss=0.2819 | val_acc=0.9231
[student-kd T=2 a=0.5] Epoch  28 | val_loss=0.2671 | val_acc=0.8974
[student-kd T=2 a=0.5] Epoch  29 | val_loss=0.2745 | val_acc=0.8889
[student-kd T=2 a=0.5] Epoch  30 | val_loss=0.2686 | val_acc=0.9231
[student-kd T=2 a=0.5] Epoch  31 | val_loss=0.2571 | val_acc=0.9145
[student-kd T=2 a=0.5] Epoch  32 | val_loss=0.2565 | val_acc=0.9316
[student-kd T=2 a=0.5] Epoch  33 | val_loss=0.2601 | val_acc=0.8974
[student-kd T=2 a=0.5] Epoch  34 | val_loss=0.2639 | val_acc=0.9060
[student-kd T=2 a=0.5] Epoch  35 | val_loss=0.2620 | val_acc=0.9402
[student-kd T=2 a=0.5] Epoch  36 | val_loss=0.2643 | val_acc=0.9316
[student-kd T=2 a=0.5] Epoch  37 | val_loss=0.2544 | val_acc=0.9316
[student-kd T=2 a=0.5] Epoch  38 | val_loss=0.2449 | val_acc=0.9402
[student-kd T=2 a=0.5] Epoch  39 | val_loss=0.2529 | val_acc=0.9402
[student-kd T=2 a=0.5] Epoch  40 | val_loss=0.2598 | val_acc=0.9231
[student-kd T=2 a=0.5] Epoch  41 | val_loss=0.2472 | val_acc=0.9316
[student-kd T=2 a=0.5] Epoch  42 | val_loss=0.2413 | val_acc=0.9231
[student-kd T=2 a=0.5] Epoch  43 | val_loss=0.2448 | val_acc=0.9231
[student-kd T=2 a=0.5] Epoch  44 | val_loss=0.2447 | val_acc=0.9145
[student-kd T=2 a=0.5] Epoch  45 | val_loss=0.2653 | val_acc=0.9145
[student-kd T=2 a=0.5] Epoch  46 | val_loss=0.2592 | val_acc=0.9402
[student-kd T=2 a=0.5] Epoch  47 | val_loss=0.2585 | val_acc=0.9231
[student-kd T=2 a=0.5] Epoch  48 | val_loss=0.2508 | val_acc=0.9145
[student-kd T=2 a=0.5] Epoch  49 | val_loss=0.2516 | val_acc=0.9316
[student-kd T=2 a=0.5] Epoch  50 | val_loss=0.2585 | val_acc=0.9231
[student-kd T=2 a=0.5] Epoch  51 | val_loss=0.2540 | val_acc=0.8974
[student-kd T=2 a=0.5] Epoch  52 | val_loss=0.2471 | val_acc=0.9145
[student-kd T=2 a=0.5] Epoch  53 | val_loss=0.2457 | val_acc=0.9145
[student-kd T=2 a=0.5] Epoch  54 | val_loss=0.2511 | val_acc=0.9145
[student-kd T=2 a=0.5] Epoch  55 | val_loss=0.2644 | val_acc=0.8974
[student-kd T=2 a=0.5] Epoch  56 | val_loss=0.2604 | val_acc=0.8974
[student-kd T=2 a=0.5] Epoch  57 | val_loss=0.2577 | val_acc=0.9060
[student-kd T=2 a=0.5] Early stopping at epoch 57
[student-kd T=2 a=0.5] Epoch   1 | val_loss=0.8354 | val_acc=0.6752
[student-kd T=2 a=0.5] Epoch   2 | val_loss=0.6151 | val_acc=0.7863
[student-kd T=2 a=0.5] Epoch   3 | val_loss=0.5189 | val_acc=0.8034
[student-kd T=2 a=0.5] Epoch   4 | val_loss=0.5090 | val_acc=0.7949
[student-kd T=2 a=0.5] Epoch   5 | val_loss=0.5825 | val_acc=0.7521
[student-kd T=2 a=0.5] Epoch   6 | val_loss=0.5816 | val_acc=0.7521
[student-kd T=2 a=0.5] Epoch   7 | val_loss=0.6046 | val_acc=0.7607
[student-kd T=2 a=0.5] Epoch   8 | val_loss=0.5531 | val_acc=0.7949
[student-kd T=2 a=0.5] Epoch   9 | val_loss=0.5742 | val_acc=0.7607
[student-kd T=2 a=0.5] Epoch  10 | val_loss=0.4996 | val_acc=0.7863
[student-kd T=2 a=0.5] Epoch  11 | val_loss=0.4961 | val_acc=0.8034
[student-kd T=2 a=0.5] Epoch  12 | val_loss=0.4192 | val_acc=0.8462
[student-kd T=2 a=0.5] Epoch  13 | val_loss=0.3968 | val_acc=0.8291
[student-kd T=2 a=0.5] Epoch  14 | val_loss=0.3504 | val_acc=0.8803
[student-kd T=2 a=0.5] Epoch  15 | val_loss=0.3542 | val_acc=0.8376
[student-kd T=2 a=0.5] Epoch  16 | val_loss=0.3218 | val_acc=0.8718
[student-kd T=2 a=0.5] Epoch  17 | val_loss=0.3515 | val_acc=0.8803
[student-kd T=2 a=0.5] Epoch  18 | val_loss=0.3924 | val_acc=0.8462
[student-kd T=2 a=0.5] Epoch  19 | val_loss=0.3189 | val_acc=0.8718
[student-kd T=2 a=0.5] Epoch  20 | val_loss=0.3484 | val_acc=0.8632
[student-kd T=2 a=0.5] Epoch  21 | val_loss=0.3219 | val_acc=0.8632
[student-kd T=2 a=0.5] Epoch  22 | val_loss=0.2825 | val_acc=0.8889
[student-kd T=2 a=0.5] Epoch  23 | val_loss=0.3545 | val_acc=0.8205
[student-kd T=2 a=0.5] Epoch  24 | val_loss=0.2662 | val_acc=0.8889
[student-kd T=2 a=0.5] Epoch  25 | val_loss=0.2946 | val_acc=0.8803
[student-kd T=2 a=0.5] Epoch  26 | val_loss=0.2955 | val_acc=0.8889
[student-kd T=2 a=0.5] Epoch  27 | val_loss=0.3015 | val_acc=0.8974
[student-kd T=2 a=0.5] Epoch  28 | val_loss=0.2693 | val_acc=0.9060
[student-kd T=2 a=0.5] Epoch  29 | val_loss=0.2673 | val_acc=0.8974
[student-kd T=2 a=0.5] Epoch  30 | val_loss=0.2885 | val_acc=0.8803
[student-kd T=2 a=0.5] Epoch  31 | val_loss=0.3065 | val_acc=0.8889
[student-kd T=2 a=0.5] Epoch  32 | val_loss=0.2926 | val_acc=0.8803
[student-kd T=2 a=0.5] Epoch  33 | val_loss=0.2867 | val_acc=0.8889
[student-kd T=2 a=0.5] Epoch  34 | val_loss=0.2750 | val_acc=0.8803
[student-kd T=2 a=0.5] Epoch  35 | val_loss=0.2859 | val_acc=0.8974
[student-kd T=2 a=0.5] Epoch  36 | val_loss=0.2618 | val_acc=0.9145
[student-kd T=2 a=0.5] Epoch  37 | val_loss=0.2790 | val_acc=0.8889
[student-kd T=2 a=0.5] Epoch  38 | val_loss=0.3124 | val_acc=0.8803
[student-kd T=2 a=0.5] Epoch  39 | val_loss=0.3166 | val_acc=0.8803
[student-kd T=2 a=0.5] Epoch  40 | val_loss=0.2641 | val_acc=0.8974
[student-kd T=2 a=0.5] Epoch  41 | val_loss=0.2703 | val_acc=0.8974
[student-kd T=2 a=0.5] Epoch  42 | val_loss=0.2588 | val_acc=0.9060
[student-kd T=2 a=0.5] Epoch  43 | val_loss=0.2843 | val_acc=0.8803
[student-kd T=2 a=0.5] Epoch  44 | val_loss=0.2772 | val_acc=0.8889
[student-kd T=2 a=0.5] Epoch  45 | val_loss=0.2957 | val_acc=0.8718
[student-kd T=2 a=0.5] Epoch  46 | val_loss=0.3016 | val_acc=0.8803
[student-kd T=2 a=0.5] Epoch  47 | val_loss=0.2921 | val_acc=0.8889
[student-kd T=2 a=0.5] Epoch  48 | val_loss=0.2897 | val_acc=0.8718
[student-kd T=2 a=0.5] Epoch  49 | val_loss=0.2909 | val_acc=0.8803
[student-kd T=2 a=0.5] Epoch  50 | val_loss=0.2766 | val_acc=0.8889
[student-kd T=2 a=0.5] Epoch  51 | val_loss=0.2690 | val_acc=0.8889
[student-kd T=2 a=0.5] Epoch  52 | val_loss=0.2911 | val_acc=0.8974
[student-kd T=2 a=0.5] Epoch  53 | val_loss=0.2845 | val_acc=0.8889
[student-kd T=2 a=0.5] Epoch  54 | val_loss=0.2773 | val_acc=0.8889
[student-kd T=2 a=0.5] Epoch  55 | val_loss=0.2805 | val_acc=0.9145
[student-kd T=2 a=0.5] Epoch  56 | val_loss=0.2811 | val_acc=0.9231
[student-kd T=2 a=0.5] Epoch  57 | val_loss=0.2870 | val_acc=0.9145
[student-kd T=2 a=0.5] Early stopping at epoch 57
[student-kd T=2 a=0.5] Epoch   1 | val_loss=0.8845 | val_acc=0.6154
[student-kd T=2 a=0.5] Epoch   2 | val_loss=0.7308 | val_acc=0.7094
[student-kd T=2 a=0.5] Epoch   3 | val_loss=0.6357 | val_acc=0.7521
[student-kd T=2 a=0.5] Epoch   4 | val_loss=0.5960 | val_acc=0.7350
[student-kd T=2 a=0.5] Epoch   5 | val_loss=0.5256 | val_acc=0.7863
[student-kd T=2 a=0.5] Epoch   6 | val_loss=0.5491 | val_acc=0.7863
[student-kd T=2 a=0.5] Epoch   7 | val_loss=0.6405 | val_acc=0.7350
[student-kd T=2 a=0.5] Epoch   8 | val_loss=0.5911 | val_acc=0.7778
[student-kd T=2 a=0.5] Epoch   9 | val_loss=0.6798 | val_acc=0.7692
[student-kd T=2 a=0.5] Epoch  10 | val_loss=0.5596 | val_acc=0.7863
[student-kd T=2 a=0.5] Epoch  11 | val_loss=0.5893 | val_acc=0.7778
[student-kd T=2 a=0.5] Epoch  12 | val_loss=0.5247 | val_acc=0.8034
[student-kd T=2 a=0.5] Epoch  13 | val_loss=0.4908 | val_acc=0.8205
[student-kd T=2 a=0.5] Epoch  14 | val_loss=0.4568 | val_acc=0.8205
[student-kd T=2 a=0.5] Epoch  15 | val_loss=0.4000 | val_acc=0.8547
[student-kd T=2 a=0.5] Epoch  16 | val_loss=0.3523 | val_acc=0.8803
[student-kd T=2 a=0.5] Epoch  17 | val_loss=0.3638 | val_acc=0.8718
[student-kd T=2 a=0.5] Epoch  18 | val_loss=0.3285 | val_acc=0.8803
[student-kd T=2 a=0.5] Epoch  19 | val_loss=0.3106 | val_acc=0.8889
[student-kd T=2 a=0.5] Epoch  20 | val_loss=0.3071 | val_acc=0.9060
[student-kd T=2 a=0.5] Epoch  21 | val_loss=0.3019 | val_acc=0.9060
[student-kd T=2 a=0.5] Epoch  22 | val_loss=0.3239 | val_acc=0.8889
[student-kd T=2 a=0.5] Epoch  23 | val_loss=0.2899 | val_acc=0.9145
[student-kd T=2 a=0.5] Epoch  24 | val_loss=0.2867 | val_acc=0.9060
[student-kd T=2 a=0.5] Epoch  25 | val_loss=0.2833 | val_acc=0.9145
[student-kd T=2 a=0.5] Epoch  26 | val_loss=0.2830 | val_acc=0.8974
[student-kd T=2 a=0.5] Epoch  27 | val_loss=0.2879 | val_acc=0.8974
[student-kd T=2 a=0.5] Epoch  28 | val_loss=0.3141 | val_acc=0.9060
[student-kd T=2 a=0.5] Epoch  29 | val_loss=0.3301 | val_acc=0.8974
[student-kd T=2 a=0.5] Epoch  30 | val_loss=0.3007 | val_acc=0.9060
[student-kd T=2 a=0.5] Epoch  31 | val_loss=0.3236 | val_acc=0.8974
[student-kd T=2 a=0.5] Epoch  32 | val_loss=0.3151 | val_acc=0.9060
[student-kd T=2 a=0.5] Epoch  33 | val_loss=0.3045 | val_acc=0.8974
[student-kd T=2 a=0.5] Epoch  34 | val_loss=0.3230 | val_acc=0.8889
[student-kd T=2 a=0.5] Epoch  35 | val_loss=0.3070 | val_acc=0.8974
[student-kd T=2 a=0.5] Epoch  36 | val_loss=0.3048 | val_acc=0.9060
[student-kd T=2 a=0.5] Epoch  37 | val_loss=0.3039 | val_acc=0.9060
[student-kd T=2 a=0.5] Epoch  38 | val_loss=0.2974 | val_acc=0.9060
[student-kd T=2 a=0.5] Epoch  39 | val_loss=0.3001 | val_acc=0.9060
[student-kd T=2 a=0.5] Epoch  40 | val_loss=0.2989 | val_acc=0.9060
[student-kd T=2 a=0.5] Epoch  41 | val_loss=0.2986 | val_acc=0.9060
[student-kd T=2 a=0.5] Early stopping at epoch 41

All Phase A runs complete.
